[02:33:12] ============================================================================
[02:33:12] GT-0016 cross-subject extension — Mendelssohn rank-preservation
[02:33:12] ============================================================================
[02:33:12] [0] Load Mendelssohn MI RAM (p5)
[02:33:12]     p5 RAM shape: (27608, 26)
[02:33:12] [0] Compute audio trivial baselines (mendelssohn.wav)
[02:33:15]     rms_envelope: n_TRs=80  mean=0.0489
[02:33:15]     spectral_flux: n_TRs=80  mean=1.0812
[02:33:15]     onset_rate: n_TRs=80  mean=3.8375
[02:33:15]     spectral_entropy: n_TRs=80  mean=2.6749
[02:33:15] 
[1] Process 17 candidate subjects
[02:33:15]   [sub-01] begin
[02:33:16]   [sub-01 26ROI] loading NII: sub-01_task-classicalMusic_bold.nii.gz
[02:33:57]   [sub-01] Anchor: tr_start=740, anchor_r=+0.4659
[02:33:57]   [sub-01 amyg+PMC] loading NII: sub-01_task-classicalMusic_bold.nii.gz
[02:34:03]   [sub-01] OK  amyg ρ=-0.2772 (r=-0.2774) | PMC ρ=+0.0951 | tr_start=740 n=80
[02:34:03]   [sub-01] done in 48.8s  status=ok
[02:34:03]   [sub-02] begin
[02:34:03]   [sub-02 26ROI] loading NII: sub-02_task-classicalMusic_bold.nii.gz
[02:34:42]   [sub-02] Anchor: tr_start=817, anchor_r=+0.6047
[02:34:42]   [sub-02 amyg+PMC] loading NII: sub-02_task-classicalMusic_bold.nii.gz
[02:34:48]   [sub-02] OK  amyg ρ=-0.1541 (r=-0.1257) | PMC ρ=-0.0424 | tr_start=817 n=80
[02:34:48]   [sub-02] done in 45.1s  status=ok
[02:34:48]   [sub-03] begin
[02:34:48]   [sub-03 26ROI] loading NII: sub-03_task-classicalMusic_bold.nii.gz
[02:35:28]   [sub-03] Anchor: tr_start=702, anchor_r=+0.4295
[02:35:28]   [sub-03 amyg+PMC] loading NII: sub-03_task-classicalMusic_bold.nii.gz
[02:35:35]   [sub-03] OK  amyg ρ=+0.4012 (r=+0.4021) | PMC ρ=-0.1928 | tr_start=702 n=80
[02:35:35]   [sub-03] done in 46.8s  status=ok
[02:35:35]   [sub-05] begin
[02:35:35]   [sub-05 26ROI] loading NII: sub-05_task-classicalMusic_bold.nii.gz
[02:35:39]   [sub-05] Anchor: tr_start=841, anchor_r=+0.5387
[02:35:39]   [sub-05 amyg+PMC] loading NII: sub-05_task-classicalMusic_bold.nii.gz
[02:35:46]   [sub-05] OK  amyg ρ=+0.3110 (r=+0.3300) | PMC ρ=-0.3109 | tr_start=841 n=80
[02:35:46]   [sub-05] done in 10.8s  status=ok
[02:35:46]   [sub-06] begin
[02:35:46]   [sub-06 26ROI] loading NII: sub-06_task-classicalMusic_bold.nii.gz
[02:35:50]   [sub-06] Anchor: tr_start=689, anchor_r=+0.4844
[02:35:50]   [sub-06 amyg+PMC] loading NII: sub-06_task-classicalMusic_bold.nii.gz
[02:35:56]   [sub-06] OK  amyg ρ=+0.0936 (r=+0.0616) | PMC ρ=-0.6229 | tr_start=689 n=80
[02:35:56]   [sub-06] done in 10.1s  status=ok
[02:35:56]   [sub-07] begin
[02:35:56]   [sub-07 26ROI] loading NII: sub-07_task-classicalMusic_bold.nii.gz
[02:35:59]   [sub-07] Anchor: tr_start=668, anchor_r=+0.4441
[02:35:59]   [sub-07 amyg+PMC] loading NII: sub-07_task-classicalMusic_bold.nii.gz
[02:36:06]   [sub-07] OK  amyg ρ=-0.2361 (r=-0.2168) | PMC ρ=-0.5153 | tr_start=668 n=80
[02:36:06]   [sub-07] done in 9.8s  status=ok
[02:36:06]   [sub-08] begin
[02:36:06]   [sub-08 26ROI] loading NII: sub-08_task-classicalMusic_bold.nii.gz
[02:36:09]   [sub-08] Anchor: tr_start=324, anchor_r=+0.4102
[02:36:09]   [sub-08 amyg+PMC] loading NII: sub-08_task-classicalMusic_bold.nii.gz
[02:36:16]   [sub-08] OK  amyg ρ=-0.0342 (r=-0.0120) | PMC ρ=+0.0706 | tr_start=324 n=80
[02:36:16]   [sub-08] done in 10.0s  status=ok
[02:36:16]   [sub-09] begin
[02:36:16]   [sub-09 26ROI] loading NII: sub-09_task-classicalMusic_bold.nii.gz
[02:36:20]   [sub-09] Anchor: tr_start=0, anchor_r=+0.6843
[02:36:20]   [sub-09 amyg+PMC] loading NII: sub-09_task-classicalMusic_bold.nii.gz
[02:36:26]   [sub-09] OK  amyg ρ=+0.0372 (r=+0.0751) | PMC ρ=+0.4971 | tr_start=0 n=80
[02:36:26]   [sub-09] done in 10.3s  status=ok
[02:36:26]   [sub-11] begin
[02:36:26]   [sub-11 26ROI] loading NII: sub-11_task-classicalMusic_bold.nii.gz
[02:36:30]   [sub-11] Anchor: tr_start=666, anchor_r=+0.4097
[02:36:30]   [sub-11 amyg+PMC] loading NII: sub-11_task-classicalMusic_bold.nii.gz
[02:36:36]   [sub-11] OK  amyg ρ=-0.0771 (r=-0.0475) | PMC ρ=-0.1439 | tr_start=666 n=80
[02:36:36]   [sub-11] done in 10.0s  status=ok
[02:36:36]   [sub-12] begin
[02:36:36]   [sub-12 26ROI] loading NII: sub-12_task-classicalMusic_bold.nii.gz
[02:36:40]   [sub-12] Anchor: tr_start=320, anchor_r=+0.6284
[02:36:40]   [sub-12 amyg+PMC] loading NII: sub-12_task-classicalMusic_bold.nii.gz
[02:36:47]   [sub-12] OK  amyg ρ=-0.0027 (r=+0.0054) | PMC ρ=+0.1938 | tr_start=320 n=80
[02:36:47]   [sub-12] done in 10.2s  status=ok
[02:36:47]   [sub-13] begin
[02:36:47]   [sub-13 26ROI] loading NII: sub-13_task-classicalMusic_bold.nii.gz
[02:36:50]   [sub-13] Anchor: tr_start=548, anchor_r=+0.4299
[02:36:50]   [sub-13 amyg+PMC] loading NII: sub-13_task-classicalMusic_bold.nii.gz
[02:36:57]   [sub-13] OK  amyg ρ=+0.0267 (r=+0.1144) | PMC ρ=+0.2431 | tr_start=548 n=80
[02:36:57]   [sub-13] done in 9.9s  status=ok
[02:36:57]   [sub-14] begin
[02:36:57]   [sub-14 26ROI] loading NII: sub-14_task-classicalMusic_bold.nii.gz
[02:37:00]   [sub-14] Anchor: tr_start=678, anchor_r=+0.4936
[02:37:00]   [sub-14 amyg+PMC] loading NII: sub-14_task-classicalMusic_bold.nii.gz
[02:37:06]   [sub-14] OK  amyg ρ=+0.2890 (r=+0.2439) | PMC ρ=+0.3445 | tr_start=678 n=80
[02:37:06]   [sub-14] done in 9.8s  status=ok
[02:37:06]   [sub-15] begin
[02:37:06]   [sub-15 26ROI] loading NII: sub-15_task-classicalMusic_bold.nii.gz
[02:37:10]   [sub-15] Anchor: tr_start=172, anchor_r=+0.3510
[02:37:10]   [sub-15 amyg+PMC] loading NII: sub-15_task-classicalMusic_bold.nii.gz
[02:37:16]   [sub-15] OK  amyg ρ=-0.1717 (r=-0.2096) | PMC ρ=+0.0630 | tr_start=172 n=80
[02:37:16]   [sub-15] done in 9.8s  status=ok
[02:37:16]   [sub-17] begin
[02:37:16]   [sub-17 26ROI] loading NII: sub-17_task-classicalMusic_bold.nii.gz
[02:37:19]   [sub-17] Anchor: tr_start=813, anchor_r=+0.4232
[02:37:19]   [sub-17 amyg+PMC] loading NII: sub-17_task-classicalMusic_bold.nii.gz
[02:37:26]   [sub-17] OK  amyg ρ=-0.0223 (r=+0.0124) | PMC ρ=+0.0145 | tr_start=813 n=80
[02:37:26]   [sub-17] done in 9.7s  status=ok
[02:37:26]   [sub-18] begin
[02:37:26]   [sub-18 26ROI] loading NII: sub-18_task-classicalMusic_bold.nii.gz
[02:37:29]   [sub-18] Anchor: tr_start=1, anchor_r=+0.4927
[02:37:29]   [sub-18 amyg+PMC] loading NII: sub-18_task-classicalMusic_bold.nii.gz
[02:37:36]   [sub-18] OK  amyg ρ=-0.1865 (r=-0.3257) | PMC ρ=-0.4965 | tr_start=1 n=80
[02:37:36]   [sub-18] done in 9.7s  status=ok
[02:37:36]   [sub-19] begin
[02:37:36]   [sub-19 26ROI] loading NII: sub-19_task-classicalMusic_bold.nii.gz
[02:37:39]   [sub-19] Anchor: tr_start=0, anchor_r=+0.3904
[02:37:39]   [sub-19 amyg+PMC] loading NII: sub-19_task-classicalMusic_bold.nii.gz
[02:37:46]   [sub-19] OK  amyg ρ=-0.0755 (r=-0.0360) | PMC ρ=-0.2204 | tr_start=0 n=80
[02:37:46]   [sub-19] done in 9.8s  status=ok
[02:37:46]   [sub-20] begin
[02:37:46]   [sub-20 26ROI] loading NII: sub-20_task-classicalMusic_bold.nii.gz
[02:37:49]   [sub-20] Anchor: tr_start=215, anchor_r=+0.4477
[02:37:49]   [sub-20 amyg+PMC] loading NII: sub-20_task-classicalMusic_bold.nii.gz
[02:37:55]   [sub-20] OK  amyg ρ=+0.0063 (r=-0.0198) | PMC ρ=+0.2975 | tr_start=215 n=80
[02:37:55]   [sub-20] done in 9.9s  status=ok
[02:37:55] 
[2] Aggregate cross-subject
[02:37:55]     n_included=17 n_skipped=0
[02:37:55]     Median ρ amyg = -0.0223  IQR [-0.1541, +0.0372]  BCa CI [-0.1541, +0.0267]  n_pos=7/17
[02:37:55] 
  VERDICT: FAIL — Median Spearman ρ amyg=-0.0223 ≤ 0 → sub-08's +0.29 ρ was a selection effect
[02:37:55] 
[3] Save outputs
[02:37:56]     CSV, JSON, report, figure saved to <PAPER_TIME_SCIENCE_ROOT>/Science/V2/results/GT-0016-cross-subject
[02:37:56] 
Done.
