
=== Phase 05.6 Cross-Dataset fMRI @ 2026-05-13T15:56:03.617529Z ===

  Loading V-Repro 25 (ds002725) ceiling + encoder...
    ceilings: 26 regions  encoders: 26 regions

  Loading V-Repro 26 (ds003720) ceiling + cycle-17 encoder...
    ceilings: 26 regions  encoders: 26 regions

  Per-region cross-dataset matrix:

=== Phase 05.6 Cross-Dataset fMRI @ 2026-05-13T15:56:55.740094Z ===

  Loading V-Repro 25 (ds002725) ceiling + encoder...
    ceilings: 26 regions  encoders: 26 regions

  Loading V-Repro 26 (ds003720) ceiling + cycle-17 encoder...
    ceilings: 26 regions  encoders: 26 regions

  Per-region cross-dataset matrix:
   idx name           BS    C002725   C003720   E002725   E003720
     0 A1_HG               +0.1287  +0.1096  +0.5088  -0.0098
     1 STG                 -0.0066  +0.0245  +0.3747  +0.0560
     2 STS                 +0.1087  +0.1158  +0.1237  -0.0321
     3 IFG                 +0.0346  +0.2325  +0.2113  +0.0070
     4 dlPFC               +0.0474  +0.3188  +0.1114  -0.0240
     5 vmPFC               +0.0402  +0.0717  -0.0401  +0.0075
     6 OFC                 +0.2490  -0.0347  +0.1224  +0.0100
     7 ACC                 +0.3036  +0.0465  +0.1092  -0.0170
     8 SMA                 -0.0289  +0.1727  +0.3267  -0.0123
     9 PMC                 -0.0040  +0.1932  +0.2011  -0.0110
    10 AG                  +0.0923  +0.2430  -0.0408  -0.0288
    11 TP                  +0.1127  -0.0401  -0.0503  +0.0401
    12 VTA                 +0.1788  +0.1730  +0.2001  -0.0340
    13 NAcc                +0.2394  +0.0530  -0.0363  +0.0091
    14 caudate             +0.1086  +0.0277  +0.1722  -0.0222
    15 amygdala            +0.3825  +0.1231  +0.0257  -0.0642
    16 hippocampus         +0.1770  +0.3543  +0.0655  -0.0424
    17 putamen             +0.4422  +0.1657  +0.0689  -0.0296
    18 MGB                 +0.3464  +0.1412  +0.3639  +0.0153
    19 hypothalamus        +0.2587  +0.0610  +0.1678  +0.0174
    20 insula              +0.2341  +0.1291  +0.2424  +0.0120
    21 IC             BS   +0.1942  +0.2057  +0.1820  -0.0118
    22 AN             BS   +0.3971  +0.0721  +0.0021  -0.0009
    23 CN             BS   +0.2402  -0.0341  +0.3117  +0.0268
    24 SOC            BS   +0.2578  +0.0426  +0.3469  +0.0095
    25 PAG            BS   +0.1900  +0.2058  +0.2621  -0.0402

  wrote: /Volumes/SRC-9/SRC Musical Intelligence/Musical_Intelligence_Results/05.6-cross-dataset-region-prediction/data/05.6_cross_dataset_per_region.csv

  ===  CROSS-DATASET CORRELATIONS (21 non-brainstem regions) ===

  (A) BOLD CEILING cross-dataset (ds002725 vs ds003720):
    Pearson  ρ = -0.1612  p_perm = 0.7536  (param p = 0.4851)
    Spearman ρ = -0.1987  p_perm = 0.8048  (param p = 0.3879)

  (B) MI ENCODER r cross-dataset (Mendelssohn ds002725 vs cycle-17 ds003720):
    Pearson  ρ = +0.2370  p_perm = 0.1492  (param p = 0.301)
    Spearman ρ = +0.2779  p_perm = 0.1118  (param p = 0.2225)

  (C) MI engine feature stats cross-dataset (per-region mean|RAM| + var):
    ds002725: aggregating per-region MI features over all clips...
    aggregating 232 MI clip files from per_frame...
    ds003720: aggregating per-region MI features over all clips...
    aggregating 720 MI clip files from per_frame...

  Per-region MI feature stats:
   idx name            mean|R|_002725  mean|R|_003720   var_002725   var_003720
     0 A1_HG                 17.40475        16.68583      2.56690      0.67595
     1 STG                   23.29682        21.73659      5.08148      1.72194
     2 STS                    1.74832         1.52529      0.12806      0.05704
     3 IFG                    6.89666         5.98754      0.76697      0.47171
     4 dlPFC                  4.40869         4.47778      0.13625      0.07287
     5 vmPFC                  5.04283         4.22770      1.43926      0.39589
     6 OFC                    1.73869         1.46580      0.18842      0.04218
     7 ACC                    5.33978         5.00727      0.15312      0.09111
     8 SMA                    7.29759         6.99061      0.62205      0.22039
     9 PMC                    4.43765         4.00066      0.73422      0.20532
    10 AG                     3.12499         2.92727      0.08349      0.02974
    11 TP                     0.17149         0.12202      0.00813      0.00297
    12 VTA                    0.93492         0.83734      0.03392      0.02476
    13 NAcc                   8.45626         7.20235      3.15824      0.67245
    14 caudate                2.59016         2.27326      0.32495      0.14979
    15 amygdala               5.64368         5.22107      0.73848      0.21168
    16 hippocampus            7.84740         6.43955      1.47277      0.49215
    17 putamen                2.45755         2.43598      0.12419      0.04763
    18 MGB                    2.47457         2.31361      0.10802      0.04743
    19 hypothalamus           0.91974         0.89921      0.11769      0.11356
    20 insula                 3.52372         3.64869      0.03599      0.02314
    21 IC                     3.47952         2.94976      0.23328      0.13724
    22 AN                     0.39283         0.27084      0.05099      0.01319
    23 CN                     0.29642         0.32346      0.00264      0.00142
    24 SOC                    4.75845         4.78571      0.09110      0.04761
    25 PAG                    0.12842         0.11813      0.00077      0.00054

  wrote: /Volumes/SRC-9/SRC Musical Intelligence/Musical_Intelligence_Results/05.6-cross-dataset-region-prediction/data/05.6_mi_feature_per_region.csv

  (C1) MI mean|RAM| cross-dataset:
    Pearson  ρ = +0.9980  p_perm = 0.0002
    Spearman ρ = +0.9883  p_perm = 0.0002

  (C2) MI variance cross-dataset:
    Pearson  ρ = +0.9684  p_perm = 0.0002
    Spearman ρ = +0.9519  p_perm = 0.0002

  wrote: /Volumes/SRC-9/SRC Musical Intelligence/Musical_Intelligence_Results/05.6-cross-dataset-region-prediction/results/_logs/phase05_6_summary.json

  === HEADLINE ===
    (A) BOLD ceiling ds002725 ↔ ds003720:  Pearson -0.161  Spearman -0.199
    (B) MI encoder  ds002725 ↔ ds003720:  Pearson +0.237  Spearman +0.278
    (C1) MI mean|R| ds002725 ↔ ds003720:  Pearson +0.998  Spearman +0.988
    (C2) MI var(R)  ds002725 ↔ ds003720:  Pearson +0.968  Spearman +0.952

  Interpretation:
    Significant cross-dataset r for MI feature stats (C1/C2) = engine produces
      paradigm-invariant per-region representation profiles.
    Significant cross-dataset r for BOLD ceilings (A) = same regions stimulus-driven
      in both paradigms (paradigm-invariant brain signal).
    Significant cross-dataset r for MI encoder r (B) = MI's prediction pattern
      transfers across paradigms (paradigm-invariant model behavior).

  wallclock: 13.7s
