
=== Phase 05.5 ds003720 per-region ceiling @ 2026-05-13T15:42:19.470139Z ===

  Loading N=4 paper-canonical cohort:
    sub-001: shape=(6150, 26)
    sub-003: shape=(6150, 26)
    sub-004: shape=(6150, 26)
    sub-005: shape=(6150, 26)

  Stacked BOLD: (4, 6150, 26)

  Per-region LOSO ceiling (cluster-bootstrap × 5000, circular-shift null × 5000):
   idx name           BS     ceiling 95% CI                       p_null pass_floor
     0 A1_HG                 +0.1096 [+0.041, +0.190]             0.0002 PASS      
     1 STG                   +0.0245 [-0.013, +0.087]             0.2464 fail      
     2 STS                   +0.1158 [+0.076, +0.155]             0.0002 PASS      
     3 IFG                   +0.2325 [+0.138, +0.313]             0.0002 PASS      
     4 dlPFC                 +0.3188 [+0.269, +0.371]             0.0002 PASS      
     5 vmPFC                 +0.0717 [-0.028, +0.156]            0.03479 PASS      
     6 OFC                   -0.0347 [-0.074, -0.002]             0.1604 fail      
     7 ACC                   +0.0465 [+0.026, +0.066]             0.1402 fail      
     8 SMA                   +0.1727 [+0.150, +0.198]             0.0002 PASS      
     9 PMC                   +0.1932 [+0.135, +0.234]             0.0002 PASS      
    10 AG                    +0.2430 [+0.207, +0.279]             0.0002 PASS      
    11 TP                    -0.0401 [-0.081, +0.009]            0.04519 fail      
    12 VTA                   +0.1730 [+0.143, +0.198]             0.0002 PASS      
    13 NAcc                  +0.0530 [-0.020, +0.106]            0.03579 PASS      
    14 caudate               +0.0277 [+0.002, +0.055]             0.1218 fail      
    15 amygdala              +0.1231 [+0.044, +0.201]           0.004199 PASS      
    16 hippocampus           +0.3543 [+0.301, +0.405]             0.0002 PASS      
    17 putamen               +0.1657 [+0.136, +0.199]             0.0002 PASS      
    18 MGB                   +0.1412 [+0.080, +0.191]             0.0002 PASS      
    19 hypothalamus          +0.0610 [+0.044, +0.078]             0.0002 PASS      
    20 insula                +0.1291 [+0.068, +0.204]          0.0003999 PASS      
    21 IC             BS     +0.2057 [+0.162, +0.259]             0.0002 PASS      
    22 AN             BS     +0.0721 [-0.103, +0.193]            0.02599 PASS      
    23 CN             BS     -0.0341 [-0.242, +0.110]             0.2917 fail      
    24 SOC            BS     +0.0426 [-0.098, +0.151]             0.1894 fail      
    25 PAG            BS     +0.2058 [+0.158, +0.235]             0.0002 PASS      

  Per-region MI encoder r (from cycle-17 per_subject_per_region_r.csv):

  Saturation verdict (r_MI vs ceiling CI):

=== Phase 05.5 ds003720 per-region ceiling @ 2026-05-13T15:46:45.403494Z ===

  Loading N=4 paper-canonical cohort:
    sub-001: shape=(6150, 26)
    sub-003: shape=(6150, 26)
    sub-004: shape=(6150, 26)
    sub-005: shape=(6150, 26)

  Stacked BOLD: (4, 6150, 26)

  Per-region LOSO ceiling (cluster-bootstrap × 5000, circular-shift null × 5000):
   idx name           BS     ceiling 95% CI                       p_null pass_floor
     0 A1_HG                 +0.1096 [+0.041, +0.190]             0.0002 PASS      
     1 STG                   +0.0245 [-0.013, +0.087]             0.2464 fail      
     2 STS                   +0.1158 [+0.076, +0.155]             0.0002 PASS      
     3 IFG                   +0.2325 [+0.138, +0.313]             0.0002 PASS      
     4 dlPFC                 +0.3188 [+0.269, +0.371]             0.0002 PASS      
     5 vmPFC                 +0.0717 [-0.028, +0.156]            0.03479 PASS      
     6 OFC                   -0.0347 [-0.074, -0.002]             0.1604 fail      
     7 ACC                   +0.0465 [+0.026, +0.066]             0.1402 fail      
     8 SMA                   +0.1727 [+0.150, +0.198]             0.0002 PASS      
     9 PMC                   +0.1932 [+0.135, +0.234]             0.0002 PASS      
    10 AG                    +0.2430 [+0.207, +0.279]             0.0002 PASS      
    11 TP                    -0.0401 [-0.081, +0.009]            0.04519 fail      
    12 VTA                   +0.1730 [+0.143, +0.198]             0.0002 PASS      
    13 NAcc                  +0.0530 [-0.020, +0.106]            0.03579 PASS      
    14 caudate               +0.0277 [+0.002, +0.055]             0.1218 fail      
    15 amygdala              +0.1231 [+0.044, +0.201]           0.004199 PASS      
    16 hippocampus           +0.3543 [+0.301, +0.405]             0.0002 PASS      
    17 putamen               +0.1657 [+0.136, +0.199]             0.0002 PASS      
    18 MGB                   +0.1412 [+0.080, +0.191]             0.0002 PASS      
    19 hypothalamus          +0.0610 [+0.044, +0.078]             0.0002 PASS      
    20 insula                +0.1291 [+0.068, +0.204]          0.0003999 PASS      
    21 IC             BS     +0.2057 [+0.162, +0.259]             0.0002 PASS      
    22 AN             BS     +0.0721 [-0.103, +0.193]            0.02599 PASS      
    23 CN             BS     -0.0341 [-0.242, +0.110]             0.2917 fail      
    24 SOC            BS     +0.0426 [-0.098, +0.151]             0.1894 fail      
    25 PAG            BS     +0.2058 [+0.158, +0.235]             0.0002 PASS      

  Per-region MI encoder r (from cycle-17 per_subject_per_region_r.csv):

  Saturation verdict (r_MI vs ceiling CI):
   idx name           BS       r_MI    r_ceil    eff verdict         
     0 A1_HG                -0.0098   +0.1096  -0.09 AT_FLOOR        
     1 STG                  +0.0560   +0.0245   1.00 AT_CEILING      
     2 STS                  -0.0321   +0.1158  -0.28 AT_FLOOR        
     3 IFG                  +0.0070   +0.2325   0.03 BELOW_CEILING   
     4 dlPFC                -0.0240   +0.3188  -0.08 AT_FLOOR        
     5 vmPFC                +0.0075   +0.0717   0.10 AT_CEILING      
     6 OFC                  +0.0100   -0.0347    nan EXCEEDS         
     7 ACC                  -0.0170   +0.0465  -0.37 AT_FLOOR        
     8 SMA                  -0.0123   +0.1727  -0.07 AT_FLOOR        
     9 PMC                  -0.0110   +0.1932  -0.06 AT_FLOOR        
    10 AG                   -0.0288   +0.2430  -0.12 AT_FLOOR        
    11 TP                   +0.0401   -0.0401    nan EXCEEDS         
    12 VTA                  -0.0340   +0.1730  -0.20 AT_FLOOR        
    13 NAcc                 +0.0091   +0.0530   0.17 AT_CEILING      
    14 caudate              -0.0222   +0.0277  -0.80 AT_FLOOR        
    15 amygdala             -0.0642   +0.1231  -0.52 AT_FLOOR        
    16 hippocampus          -0.0424   +0.3543  -0.12 AT_FLOOR        
    17 putamen              -0.0296   +0.1657  -0.18 AT_FLOOR        
    18 MGB                  +0.0153   +0.1412   0.11 BELOW_CEILING   
    19 hypothalamus         +0.0174   +0.0610   0.29 BELOW_CEILING   
    20 insula               +0.0120   +0.1291   0.09 BELOW_CEILING   
    21 IC             BS    -0.0118   +0.2057  -0.06 AT_FLOOR        
    22 AN             BS    -0.0009   +0.0721  -0.01 AT_FLOOR        
    23 CN             BS    +0.0268   -0.0341    nan AT_CEILING      
    24 SOC            BS    +0.0095   +0.0426   0.22 AT_CEILING      
    25 PAG            BS    -0.0402   +0.2058  -0.20 AT_FLOOR        

  wrote: /Volumes/SRC-9/SRC Musical Intelligence/Musical_Intelligence_Results/05.5-ds003720-region-ceiling-N4/data/05.5_ds003720_per_region_ceiling.csv
  wrote: /Volumes/SRC-9/SRC Musical Intelligence/Musical_Intelligence_Results/05.5-ds003720-region-ceiling-N4/data/05.5_ds003720_per_region_saturation.csv
  wrote: /Volumes/SRC-9/SRC Musical Intelligence/Musical_Intelligence_Results/05.5-ds003720-region-ceiling-N4/data/05.5_ds003720_manifest.json

  === HEADLINE SUMMARY (N=4) ===
    Ceiling pass (floor + p_null<0.05, non-brainstem): 16/21
    Saturation verdict (non-brainstem 21 regions):
      AT_CEILING:      3
      EXCEEDS:         2
      Ceiling-saturating (AT+EXCEEDS): 5
      BELOW_CEILING:   4
      AT_FLOOR:        12
  wallclock: 276.2s
