/Users/amacerdem/.pyenv/versions/3.10.13/lib/python3.10/site-packages/statsmodels/regression/mixed_linear_model.py:1634: UserWarning: Random effects covariance is singular
  warnings.warn(msg)
[T-R2-04] Loading Cheung 2024 pleasure data …
  csv_path: /Volumes/SRC-9/SRC Musical Intelligence/Science/datasets/reward/cheung2024/data_pleasure_2023.csv
  n_trials_raw: 39351
  n_trials_dropped_nan: 0
  n_trials_used: 39351
  n_subjects: 39
  n_songs: 30
  n_rhythms: 3
  n_chord_level_rows: 1009
  mi_reward_formula: 1.5*|IC_z| + 0.8*(1-|IC_z|) + 0.5*|IC_z|*(1-pi) - 0.6*pi^2; pi = sigmoid(-ENTROPY_z)

[T-R2-04] Full-data model fits …
  M0_null_controls: R2=0.3510 AIC=2441.2 BIC=2475.6
  M1_additive_IC_ENTROPY: R2=0.4579 AIC=2263.5 BIC=2307.8
  M2_interaction_IC_x_ENTROPY: R2=0.4767 AIC=2230.0 BIC=2279.2
  M3_MI_Eq5_composite: R2=0.4258 AIC=2319.7 BIC=2359.0

[T-R2-04] Leave-songs-out 5-fold CV …
  M0_null_controls: heldout R2=+0.2231 pearson=+0.5432 spearman=+0.5245
  M1_additive_IC_ENTROPY: heldout R2=+0.3363 pearson=+0.6382 spearman=+0.5936
  M2_interaction_IC_x_ENTROPY: heldout R2=+0.3638 pearson=+0.6526 spearman=+0.5956
  M3_MI_Eq5_composite: heldout R2=+0.3178 pearson=+0.6149 spearman=+0.5559

[T-R2-04] Bootstrap on interaction coefficient + ΔR² …
  interaction β (bootstrap mean): -0.1550
  interaction β 95% CI: [-0.2277, -0.0839]
  ΔR² (M2 − M1): +0.01857 CI=[+0.00551, +0.03494]

[T-R2-04] Quadrant analysis …
         low_U_low_S: n= 109 obs=+0.367 pred=+0.447
        low_U_high_S: n= 130 obs=-0.046 pred=+0.019
        high_U_low_S: n=  47 obs=+0.181 pred=+0.430
       high_U_high_S: n= 410 obs=-0.337 pred=-0.374

[T-R2-04] LMM sensitivity (trial-level, random intercepts) …
  ok: True
  n_used: 20000
  n_subjects: 39
  interaction_beta: -0.057726838737178134
  interaction_se: 0.007437695777328506
  interaction_p: 8.400524327255827e-15
  ic_beta: -0.12033716976576367
  entropy_beta: -0.06996732033344036
  converged: True

[T-R2-04] Wrote results to /Volumes/SRC-9/SRC Musical Intelligence/Science/V2/reviewer-sims/divan-major-revision-2026-04-22/computing-phase/T-R2-04
[T-R2-04] ΔAIC (M2 − M1) full-data = -33.54
[T-R2-04] ΔAIC (M3 − M1) full-data = +56.13
[T-R2-04] ΔAIC (M3 − M0) full-data = -121.52
