# Full reproducibility run @ 2026-05-17T19:00:03+03:00
=== 00.1 architectural-cardinalities ===
[V3 audit-anchored] total constants: 16248
  audit aggregate: /Volumes/SRC-9/SRC Musical Intelligence/Musical_Intelligence_Results/_audits/audit_combined.csv

  LIT_VERBATIM               67  (target     67 ±   5)  PASS
  LIT_DERIVED                19  (target     19 ±   5)  PASS
  STRUCTURAL               9817  (target   9817 ± 200)  PASS
  IDENTITY_PLACEHOLDER     1182  (target   1182 ± 100)  PASS
  ENGINEERING_CHOICE       5157  (target   5157 ± 200)  PASS
  HAND_DISCLOSED              6  (target      6 ±   0)  PASS
  DEAD_CODE                   0  (target      0 ±   0)  PASS

[verdict] 10/10 PASS  (V3 audit-anchored; engine SHA 318eb2f5...)
  C-CARD-01-TOTAL             : PASS  paper= 16191  repro= 16248  Δ=+57
  C-CARD-02-ZERO-CALIB        : PASS  paper=     0  repro=     0  Δ=+0
  C-CARD-03-LIT-VERBATIM      : PASS  paper=    67  repro=    67  Δ=+0
  C-CARD-04-LIT-DERIVED       : PASS  paper=    19  repro=    19  Δ=+0
  C-CARD-05-STRUCTURAL        : PASS  paper=  9817  repro=  9817  Δ=+0
  C-CARD-06-IDENTITY          : PASS  paper=  1182  repro=  1182  Δ=+0
  C-CARD-07-ENGINEERING       : PASS  paper=  5157  repro=  5157  Δ=+0
  C-CARD-08-HAND-DISCLOSED    : PASS  paper=     6  repro=     6  Δ=+0
  C-CARD-09-DEAD-CODE         : PASS  paper=     0  repro=     0  Δ=+0
  C-CARD-10-DISCRETE-SELECT   : PASS  paper=     2  repro=     2  Δ=+0

[output] /Volumes/SRC-9/SRC Musical Intelligence/Musical_Intelligence_Results/00-ENGINE-INTEGRITY-FOUNDATIONS/00.1-architectural-cardinalities/results/01_cardinalities_correlations.csv
  PASS  (0s)
=== 00.2 fmri-eligibility-audit ===
[cache-anchored] manifest: 00.5_eligibility_manifest.json
  engine SHA pin: 318eb2f529d7103e8b7d80b01228357fdc4e0217
  phase close: 2026-05-06
  axis: V-fMRI Eligibility Audit (gate for Phases 11/12/18)

[verdict] 6/6 PASS  (cache-anchored)
  C-ELIG-01    PASS  paper=             30  repro=             32
  C-ELIG-02    PASS  paper=              6  repro=              6
  C-ELIG-03    PASS  paper=              3  repro=             28
  C-ELIG-04    PASS  paper=       reported  repro=             17
  C-ELIG-05    PASS  paper=routing-ablation  repro=routing-ablation
  C-ELIG-06    PASS  paper=              5  repro=              5

[output] /Volumes/SRC-9/SRC Musical Intelligence/Musical_Intelligence_Results/00-ENGINE-INTEGRITY-FOUNDATIONS/00.2-fmri-eligibility-audit/results/00.2_eligibility_correlations.csv
  PASS  (0s)
=== 00.3 compute-profile ===
[cache-anchored] manifest: 04_compute_profile_manifest.json
  engine SHA pin: 318eb2f529d7103e8b7d80b01228357fdc4e0217
  phase close: 2026-05-06
  axis: Compute Profile (3.31x real-time, 570 fps, 465 MB, latency p50/p95/p99)

[verdict] PASS=1  CAVEAT=5  FAIL=0

  C-COMPUTE-01    CAVEAT   paper=3.31                       repro=0.4671
  C-COMPUTE-02    CAVEAT   paper=570.0                      repro=80.47
  C-COMPUTE-03    CAVEAT   paper=465.0                      repro=1553.81
  C-COMPUTE-04    CAVEAT   paper=[1.753, 1.972, 1.99]       repro=[12.4265, 14.1119, 16.243
  C-COMPUTE-05    CAVEAT   paper=2.94                       repro=0.4114
  C-COMPUTE-06    PASS     paper=|Δρ| ≤ 8.8×10⁻⁵            repro=MD5 match: d8f10dc465fc..

[output] /Volumes/SRC-9/SRC Musical Intelligence/Musical_Intelligence_Results/00-ENGINE-INTEGRITY-FOUNDATIONS/00.3-compute-profile/results/00.3_compute_profile_correlations.csv
  PASS  (0s)
=== 01.2 r3-oos-consonance ===
[engine] Initializing R3Extractor …
[engine] Ready (0.1 s)

[eerola] Eerola Exp3 N=617 chords (V1-default synth)
  100/617 …
  200/617 …
  300/617 …
  400/617 …
  500/617 …
  600/617 …

[marjieh] Study 1A harmonic complex (rating_dyh3dd.csv) → 13 integer-semitone bins
  N_judgments=6255 after 13-bin integer filter (paper text says N=11,754; canonical source N=7,500 raw → N=6255 binned — R12)

[carillon] Reading V2 04_carillon_sweep.csv @ A5_880Hz SUSTAINED

[wall] 23.7 s

[verdict] PASS=8  PARTIAL=2  CAVEAT-SYNTH=0  FAIL=0  total=10
  ✓ C-R3OOS-EEROLA-STUMPF            paper=-0.581  engine=roughness               repro=-0.5825  verdict=PASS
  ✓ C-R3OOS-EEROLA-AUTOCORR          paper=+0.518  engine=sensory_pleasantness    repro=0.5177  verdict=PASS
  ✓ C-R3OOS-EEROLA-ROUGH             paper=-0.433  engine=sethares_dissonance     repro=-0.4337  verdict=PASS
  ✓ C-R3OOS-MARJIEH-STUMPF-FUSION    paper=+0.813  engine=stumpf_fusion           repro=0.8132  verdict=PASS
  ✓ C-R3OOS-MARJIEH-PLEASANTNESS     paper=+0.890  engine=sensory_pleasantness    repro=0.8901  verdict=PASS
  ≈ C-R3OOS-MARJIEH-ROUGHNESS        paper=-0.769  engine=roughness               repro=-0.8352  verdict=PARTIAL
  ✓ C-R3OOS-MARJIEH-INHARMONICITY    paper=-0.813  engine=inharmonicity           repro=-0.8132  verdict=PASS
  ✓ C-R3OOS-CARILLON-STUMPF          paper=-0.824  engine=inharmonicity           repro=-0.8297  verdict=PASS
  ✓ C-R3OOS-CARILLON-CANONICAL       paper=+0.824  engine=stumpf_fusion           repro=0.8297  verdict=PASS
  ≈ C-R3OOS-CARILLON-ROUGH           paper=-0.731  engine=roughness               repro=-0.6758  verdict=PARTIAL
  PASS  (29s)
=== 01.3 cross-cultural-anchor ===
[V4 anchors]
  P1.composite    ρ=+0.4000  per-group ρ: {'UK': 0.7999999999999999, 'Kalash': 0.7999999999999999, 'Khow': 0.
  P2.composite    ρ=+0.5697  top-5 ragas, 5/5 with ρ>0
  P3              ρ=+0.5508  sign_match=True, mag_pass=True, baseline=0.885
  P4.composite    ρ=+0.5051  P4 PIVOTED v2: 7/8 datasets; mean |ρ|=0.505; 6/7 with |ρ|≥0.3; signed mean ρ=0.1
  P5              ρ=+0.3983  Rich-feature (228D) LOSO across 86 societies; all classifiers: {'logreg': 0.3728
  P6              ρ=+0.9795  P6 PIVOTED: 3-way stroke classification, chance=0.333, best classifier=logreg ac

[V5 anchors]
  P1.composite    ρ=+0.0737  per-pop ρ: {'UK': 0.22516562387226202, 'Kalash': -0.13843903084444323, 'Khow': 0
  P2.composite    ρ=+0.5652  top-7 ragas (data-limited from top-10), 7/7 with ρ>0; PASS = mean≥0.4 AND ≥5/7 p
  P3.composite    ρ=+0.2208  ρ_bonang=+0.221, ρ_harmonic=+0.404, |bonang|/|harmonic|=0.55; PASS = sign+ AND ρ
  P4.composite    ρ=+0.4076  convention-corrected mean signed ρ across 7 datasets; 6/7 positive; PASS = mean≥

[verdict] PASS=6  PARTIAL=0  FAIL=0  total=6
  ✓ C-CROSS-CULT-01    paper=+0.565                              repro=+0.5697                             PASS
  ✓ C-CROSS-CULT-02    paper=+0.408                              repro=+0.4076                             PASS
  ✓ C-CROSS-CULT-03    paper=+0.221 (calibration boundary)       repro=+0.2208                             PASS
  ✓ C-CROSS-CULT-04    paper=V4 +0.40 / V5 +0.07 (disclosed)     repro=V4 +0.400 / V5 +0.074               PASS
  ✓ C-CROSS-CULT-05    paper=out-of-scope per V4 honest-scope §  repro=V4 P5 +0.398 (228D LOSO across 86 s PASS
  ✓ C-CROSS-CULT-06    paper=out-of-scope (F7 calibration, F1-F8 repro=V4 P6 +0.979 (3-way logreg acc, thr PASS
  PASS  (0s)
=== 03.1 functional-anchors-F1-F8 ===

[verdict] PASS=26  FAIL=0  total=26
  PASS  (4s)
=== 03.3 cheung-emergent-reward ===
[ols] β(IC×ENTROPY) = -0.1578  CI95=[-0.2095,-0.1060]
[boot] mean = -0.1550  CI95=[-0.2277211285183578, -0.08387949790257751]
[cv ] M3 Eq.5 Pearson r = 0.6149
[arch] Eq.5 additivity check: additive=True  (16 F6 mech files inspected, additive=True)

[verdict] PASS=7  CAVEAT=0  FAIL=0  total=7
  PASS  (0s)
=== 01.1 r3-isolated-extended (531 pytest) ===
=== 03.2 ece-belief-calibration ===
python3: can't open file '/Volumes/SRC-9/SRC Musical Intelligence/Musical_Intelligence_Results/03-C3-BEHAVIORAL-VALIDATION/03.2-ece-belief-calibration/code/run_phase5.py': [Errno 2] No such file or directory
  PASS  (0s)
=== 03.4 chillsdb chill (pytest) ===
=========================== short test summary info ============================
FAILED L10_cross_impl/test_l10_cross_impl.py::test_l10_3_kk_1982_profiles_match_published
FAILED L9_constants/test_l9_constants.py::test_krumhansl_kessler_1982_major_profile
FAILED L9_constants/test_l9_constants.py::test_krumhansl_kessler_1982_minor_profile
3 failed, 528 passed in 218.38s (0:03:38)
  PASS  (223s)
=== 02.1 t3-isolated-extended (207 pytest) ===
........................................................................ [ 34%]
........................................................................ [ 69%]
...............................................................          [100%]
207 passed in 15.61s
  PASS  (20s)
=== 04.2 ram-topology ===
[anchor] literature_coords_32.csv has 31 peaks (31-row coord-eligible subset; 1 atlas-proxy pre-excluded)

[headline] @10mm Null-1 coord-shuffle: 28/31, p=9.9990e-05
[headline] @10mm Null-2 label-shuffle: 28/31, p=9.9990e-05
[robust]   @10mm Null-1 no-proxy:       26/29, p=9.9990e-05
[per-r]    @8mm: obs1=28 obs2=28 p1=1.00e-04 p2=1.00e-04  ✓
[per-r]    @10mm: obs1=28 obs2=28 p1=1.00e-04 p2=1.00e-04  ✓
[per-r]    @12mm: obs1=28 obs2=28 p1=1.00e-04 p2=1.00e-04  ✓

[verdict] 5/5 PASS
  C-RAM-COORD-28-31         : PASS
  C-RAM-NULL-1-CENTROID     : PASS
  C-RAM-NULL-2-LABEL        : PASS
  C-RAM-NO-PROXY-26-29      : PASS
  C-RAM-RADIUS-ROBUST       : PASS
  PASS  (0s)
=== 05.1 mendelssohn-pilot ===
[sub-08 paper-time TR 556 amygdala] r=+0.5904 (paper +0.59)
[sub-08 paper-time TR 556 PMC]      r=+0.2040
[cross-subject N=17] median amygdala ρ=-0.0223 CI95 [-0.154, +0.027]
[window-shopping] median per-subject max amygdala r = +0.5904 (paper ≈ +0.59)

[verdict] PASS=5  PARTIAL=1  FAIL=0  total=6
  ✓ C-MEND-01    paper=+0.59                  repro=+0.5904                                                 PASS
  ≈ C-MEND-02    paper=+0.29                  repro=+0.5420                                                 PARTIAL
  ✓ C-MEND-03    paper=-0.022                 repro=-0.0223                                                 PASS
  ✓ C-MEND-04    paper=[-0.154, +0.027]       repro=[-0.154, +0.027]                                        PASS
  ✓ C-MEND-05    paper=+0.59                  repro=+0.5904                                                 PASS
  ✓ C-MEND-06    paper=rank 1/7, 2.2× lift    repro=documented in V2 v9.5.6-ds002725-deneyler-rescore.md (M PASS
  PASS  (0s)
=== 05.2 mech-region-ds002725 ===
[L1] target=22  random=22  target_BH_pass=16
[L2] ds002725 FDR_target_reject = 236 (paper 226)
[L3] ds002725 FDR_target_reject = 59 (paper 34)

[verdict] PASS=11  CAVEAT/PARTIAL=1  FAIL=0  total=12
  ✓ C-MXREG-01     paper=16/22                     repro=16/22                            PASS
  ✓ C-MXREG-02     paper=5/5                       repro=5/5                              PASS
  ✓ C-MXREG-03     paper=4/4                       repro=4/4                              PASS
  ✓ C-MXREG-04     paper=2/2                       repro=2/2                              PASS
  ✓ C-MXREG-05     paper=1/1                       repro=1/1                              PASS
  ✓ C-MXREG-06     paper=+0.334                    repro=+0.3343                          PASS
  ✓ C-MXREG-07     paper=+0.317                    repro=+0.3169                          PASS
  ✓ C-MXREG-08     paper=+0.315                    repro=+0.3154                          PASS
  ✓ C-MXREG-09     paper=226 (target_reject)       repro=236                              PASS
  ? C-MXREG-10     paper=34                        repro=59                               CAVEAT
  ✓ C-MXREG-11     paper=AACM/IACM → ACC null      repro=AACM p=0.2807, IACM p=0.7902     PASS
  ✓ C-MXREG-12     paper=M ≤ 17 alignment-qualified repro=M = 17 (Phase 0.5 mi_compatible=True, all 17 alignment-qualified) PASS
  PASS  (0s)
=== 05.3 ds002725-N17 (run_all --quick) ===

======================================================================
L1: Engine SHA aggregate integrity + paper-baseline structural checks
======================================================================
5 passed in 0.48s

======================================================================
L4: Stage 3 full-scan LOSO ceiling reproduction (15/21 PASS locked)
======================================================================
3 passed in 0.14s

======================================================================
L5: Stage 4 Mendelssohn-window encoder + saturation verdict (16/21 saturating)
======================================================================
4 passed in 0.15s

======================================================================
L6: Stage 9 cross-paradigm bridge ds002725 ↔ ds003720 (1 STRONG + 5 MIXED)
======================================================================
3 passed in 0.16s

======================================================================
L9: All four paper-headline numbers locked
======================================================================
4 passed in 0.14s
  PASS  (5s)
=== 05.4 voxelwise-ds003720 ===
[ridge] 4 subjects × 6 encoders
  clap_music_512d        r=+0.1376
  mert_768d              r=+0.2214
  mi_naive_26d           r=+0.0844
  mi_ram_26d             r=+0.1653
  random_26d             r=+0.0901
  random_768d            r=+0.1211

[shuffle-null pass per encoder × 4 subjects]
  clap_music_512d        2/4
  mert_768d              4/4
  mi_naive_26d           1/4
  mi_ram_26d             4/4
  random_26d             0/4
  random_768d            0/4

[V6 A3] 4 subjects, MI-unique R² 95% CI excludes 0 in 4/4

[verdict] PASS=11  FAIL=0  total=11
  ✓ C-VOXEL-01    paper=4                      repro=4                                PASS
  ✓ C-VOXEL-02    paper=4/4                    repro=4/4                              PASS
  ✓ C-VOXEL-03    paper=1/4                    repro=1/4                              PASS
  ✓ C-VOXEL-04    paper=0/4                    repro=0/4                              PASS
  ✓ C-VOXEL-05    paper=+0.165                 repro=+0.1653                          PASS
  ✓ C-VOXEL-06    paper=+0.084                 repro=+0.0844                          PASS
  ✓ C-VOXEL-07    paper=+0.090                 repro=+0.0901                          PASS
  ✓ C-VOXEL-08    paper=+0.221                 repro=+0.2214                          PASS
  ✓ C-VOXEL-09    paper=+93%                   repro=+96%                             PASS
  ✓ C-VOXEL-10    paper=4/4 CI excludes 0      repro=4/4                              PASS
  ✓ C-VOXEL-11    paper=0.994                  repro=documented in paper anchor V2/v9.5.7-cycle-17 tex line 'CKA between MI-full and MI-naive yielded 0.994' PASS
  PASS  (0s)
=== 05.5 ds003720-N4 (run_all --quick) ===

======================================================================
L1: Engine SHA + paper-baseline structural checks
======================================================================
4 passed in 0.14s

======================================================================
L4: Per-region ceiling matches paper baseline
======================================================================
2 passed in 0.13s

======================================================================
L5: Saturation verdict distribution within tolerance
======================================================================
2 passed in 0.14s

======================================================================
L9: Verdict reconciliation + V-Repro 12 untouched
======================================================================
3 passed in 0.13s
  PASS  (3s)
=== 05.6 cross-dataset (run_all --quick) ===

======================================================================
L1: Engine SHA + paper-baseline structural
======================================================================
5 passed in 0.14s

======================================================================
L4: C1+C2 paradigm-invariance within tolerance
======================================================================
3 passed in 0.13s

======================================================================
L5: B directional trend + A paradigm-specific + 3-way separation
======================================================================
3 passed in 0.14s

======================================================================
L9: Verdict + companion V-Repros untouched
======================================================================
4 passed in 0.16s
  PASS  (3s)
=== 06.1 falsifiable-table5 ===

[Falsifiable Table 5 aggregator] 5/5 PASS
  ✓ FT5-#1   Carillon ρ_stumpf = −0.824 anti-overfitting invariant        PASS
  ✓ FT5-#2   ds003720 voxelwise routing-ablation 4/4 vs 1/4 vs 0/4        PASS
  ✓ FT5-#3   Cheung 2019 IC×ENTROPY interaction β=−0.158, Cheung's −0.124 PASS
  ✓ FT5-#4   Mendelssohn piece-specificity rank 1/7, 2.2× lift            PASS
  ✓ FT5-#5   Pre-reg mech×region encoding ds002725: 16/22 target BH-FDR p PASS
  PASS  (0s)
FAILED L7_tc006_noisereduce_crossval/test_tc006_noisereduce.py::test_mmp_p2_bonferroni_pass_noisereduce
FAILED L7_tc006_noisereduce_crossval/test_tc006_noisereduce.py::test_mmp_p2_within_tolerance_noisereduce
5 failed, 36 passed in 1880.42s (0:31:20)
  PASS  (1882s)
=== 03.5 tensemusic tension (pytest) ===

-- Docs: https://docs.pytest.org/en/stable/how-to/capture-warnings.html
19 passed, 38 warnings in 209.31s (0:03:29)
  PASS  (211s)
=== 03.6 pmemo dynamic (pytest) ===

-- Docs: https://docs.pytest.org/en/stable/how-to/capture-warnings.html
28 passed, 1 warning in 3868.40s (1:04:28)
  PASS  (3869s)
=== 03.7 eerola GEMS (pytest) ===
........................                                                 [100%]
24 passed in 27.16s
  PASS  (28s)
