=== Orchestrator start 2026-05-20 15:14:21 ===
REPO_ROOT: /Volumes/SRC-9/SRC Musical Intelligence/Musical_Intelligence_Results
VENV_PY:   /Volumes/SRC-9/SRC Musical Intelligence/Musical_Intelligence_Results/.venv/bin/python

[00.1] 00-ENGINE-INTEGRITY-FOUNDATIONS/00.1-architectural-cardinalities  (python)
    rc=0  wall=0.1s  match=6 differ=0 new=0 missing=0  → ✓ BIT-IDENTICAL
[00.2] 00-ENGINE-INTEGRITY-FOUNDATIONS/00.2-fmri-eligibility-audit  (python)
    rc=0  wall=0.0s  match=5 differ=0 new=0 missing=0  → ✓ BIT-IDENTICAL
[00.3] 00-ENGINE-INTEGRITY-FOUNDATIONS/00.3-compute-profile  (python)
    rc=0  wall=0.1s  match=12 differ=0 new=0 missing=0  → ✓ BIT-IDENTICAL
[01.1] 01-R3-PERCEPTUAL-FRONT-END/01.1-r3-isolated-extended  (pytest_runall)
    rc=1  wall=2.8s  match=0 differ=0 new=0 missing=0  → ✗ rc=1
[01.2] 01-R3-PERCEPTUAL-FRONT-END/01.2-r3-oos-consonance  (python)
    rc=0  wall=11.6s  match=6 differ=0 new=0 missing=0  → ✓ BIT-IDENTICAL
[01.3] 01-R3-PERCEPTUAL-FRONT-END/01.3-cross-cultural-anchor  (python)
    rc=0  wall=0.0s  match=2 differ=0 new=0 missing=0  → ✓ BIT-IDENTICAL
[02.1] 02-T3-TEMPORAL-LAYER/02.1-t3-isolated-extended  (pytest_runall)
    rc=1  wall=9.7s  match=0 differ=0 new=0 missing=0  → ✗ rc=1
[03.1] 03-C3-BEHAVIORAL-VALIDATION/03.1-c3-functional-anchors-F1-F8  (python)
    rc=0  wall=1.6s  match=3 differ=0 new=0 missing=0  → ✓ BIT-IDENTICAL
[03.2] 03-C3-BEHAVIORAL-VALIDATION/03.2-ece-belief-calibration  (shell)
    rc=1  wall=0.8s  match=12 differ=0 new=0 missing=0  → ✗ rc=1
[03.3] 03-C3-BEHAVIORAL-VALIDATION/03.3-cheung-emergent-reward  (python)
    rc=0  wall=0.1s  match=14 differ=0 new=0 missing=0  → ✓ BIT-IDENTICAL
[03.4] 03-C3-BEHAVIORAL-VALIDATION/03.4-chill-chillsdb  (pytest_runall)
    rc=2  wall=0.7s  match=0 differ=0 new=0 missing=0  → ✗ rc=2
[03.5] 03-C3-BEHAVIORAL-VALIDATION/03.5-tension-tensemusic  (pytest_runall)
    rc=2  wall=0.3s  match=0 differ=0 new=0 missing=0  → ✗ rc=2
[03.6] 03-C3-BEHAVIORAL-VALIDATION/03.6-emotion-pmemo-dynamic  (pytest_runall)
    rc=1  wall=0.2s  match=0 differ=0 new=0 missing=0  → ✗ rc=1
[03.7] 03-C3-BEHAVIORAL-VALIDATION/03.7-gems-eerola-film  (pytest_runall)
    rc=1  wall=0.2s  match=0 differ=0 new=0 missing=0  → ✗ rc=1
[04.1] 04-C3-BIOLOGICAL-SUBSTRATE/04.1-neurochemistry-pharma  (python)
    rc=0  wall=22.9s  match=3 differ=0 new=0 missing=0  → ✓ BIT-IDENTICAL
[04.2] 04-C3-BIOLOGICAL-SUBSTRATE/04.2-ram-topology  (python)
    rc=0  wall=0.0s  match=3 differ=0 new=0 missing=0  → ✓ BIT-IDENTICAL
[05.1] 05-FMRI-BRAIN-GROUNDING/05.1-mendelssohn-pilot  (python)
    rc=0  wall=0.0s  match=2 differ=0 new=0 missing=0  → ✓ BIT-IDENTICAL
[05.2] 05-FMRI-BRAIN-GROUNDING/05.2-mech-region-ds002725  (python)
    rc=0  wall=0.0s  match=2 differ=0 new=0 missing=0  → ✓ BIT-IDENTICAL
[05.3] 05-FMRI-BRAIN-GROUNDING/05.3-ds002725-region-ceiling-N17  (pytest_runall)
    rc=1  wall=0.3s  match=3 differ=0 new=0 missing=0  → ✗ rc=1
[05.4] 05-FMRI-BRAIN-GROUNDING/05.4-voxelwise-ds003720  (python)
    rc=0  wall=0.1s  match=1 differ=1 new=0 missing=0  → ⚠ DIFFER
[05.5] 05-FMRI-BRAIN-GROUNDING/05.5-ds003720-region-ceiling-N4  (pytest_runall)
    rc=1  wall=0.2s  match=1 differ=0 new=0 missing=0  → ✗ rc=1
[05.6] 05-FMRI-BRAIN-GROUNDING/05.6-cross-dataset-region-prediction  (pytest_runall)
    rc=1  wall=0.2s  match=2 differ=0 new=0 missing=0  → ✗ rc=1
[06.1] 06-PORTFOLIO-FALSIFIABILITY/06.1-falsifiable-table5  (python)
    rc=0  wall=0.0s  match=2 differ=0 new=0 missing=0  → ✓ BIT-IDENTICAL
[06.3] 06-PORTFOLIO-FALSIFIABILITY/06.3-ai-baseline-ablation  (ai_ablation_loop)
    rc=1  wall=11.9s  match=2 differ=2 new=0 missing=0  → ⚠ DIFFER

=== Orchestrator done 2026-05-20 15:15:25 ===
Bit-identical phases: 12 / 24
